// Jest Snapshot v1, https://goo.gl/fbAQLP

exports[`the bundled plant catalog is unchanged 1`] = `
{
  "categories": {
    "coconut_tree": {
      "descriptions": {
        "Dwarf Coconut": "Early-bearing compact palms, mainly for tender nuts; choose locally tested planting material",
        "Hybrid Coconut": "Tall × Dwarf or Dwarf × Tall crosses; yield depends on certified true-to-type seedlings and management",
        "King Coconut": "Orange tender-nut type suited climatically but less standard in Tamil Nadu than released local cultivars",
        "Tall Coconut": "Long-lived palms including West Coast Tall, a strong fit for humid Kanyakumari conditions",
      },
      "plants": [
        "Dwarf Coconut",
        "Tall Coconut",
        "Hybrid Coconut",
        "King Coconut",
      ],
      "tamilNames": {
        "Dwarf Coconut": "குட்டைத் தென்னை",
        "Hybrid Coconut": "கலப்பினத் தென்னை",
        "King Coconut": "ராஜ தென்னை",
        "Tall Coconut": "உயரத் தென்னை",
      },
      "varieties": {
        "Dwarf Coconut": [
          "Chowghat Orange Dwarf",
          "Chowghat Green Dwarf",
          "Malayan Yellow Dwarf",
        ],
        "Hybrid Coconut": [
          "VHC 1",
          "VHC 2",
          "VHC 3",
          "Kerasankara",
          "Chandrasankara",
        ],
        "King Coconut": [
          "Sri Lanka King Coconut",
        ],
        "Tall Coconut": [
          "West Coast Tall",
          "East Coast Tall",
          "Tiptur Tall",
          "Arasampatti Tall",
        ],
      },
    },
    "flower": {
      "descriptions": {
        "Aavaram": "Dryland-hardy shrub grown for its yellow aavarampoo flowers; fixes nitrogen and holds bunds together",
        "Arali": "Temple flowering shrub, drought-hardy and long-blooming. Every part is toxic if eaten and the sap irritates skin — plant it away from children, pets and the vegetable beds",
        "Chrysanthemum": "Popular festival flower grown for bright disc-shaped blooms",
        "Crossandra": "Low-growing perennial bearing vibrant orange flowers for garlands",
        "Hibiscus": "Showy tropical shrub producing large colourful blooms for hair oil and offerings",
        "Ixora": "Evergreen tropical shrub with dense clusters of tiny tubular flowers",
        "Jasmine": "Intensely fragrant evergreen shrub producing white flowers integral to Tamil culture",
        "Marigold": "Bright orange-yellow blooms that repel nematodes and attract pollinators",
        "Nandiyavattai": "Fragrant white-flowered shrub sacred in Tamil temple gardens",
        "Rose": "Classic garden shrub grown for fragrant blooms",
        "Sunflower": "Tall, cheerful annual grown for large composite flower heads",
      },
      "plants": [
        "Marigold",
        "Jasmine",
        "Hibiscus",
        "Rose",
        "Chrysanthemum",
        "Crossandra",
        "Ixora",
        "Sunflower",
        "Nandiyavattai",
        "Aavaram",
        "Arali",
      ],
      "tamilNames": {
        "Aavaram": "ஆவாரம்",
        "Arali": "அரளி",
        "Chrysanthemum": "சாமந்தி",
        "Crossandra": "கனகாம்பரம்",
        "Hibiscus": "செம்பருத்தி",
        "Ixora": "வெட்சி",
        "Jasmine": "மல்லிகை",
        "Marigold": "செண்டுமல்லி",
        "Nandiyavattai": "நந்தியாவட்டை",
        "Rose": "ரோஜா",
        "Sunflower": "சூரியகாந்தி",
      },
      "varieties": {
        "Arali": [
          "White",
          "Pink",
          "Red",
        ],
        "Hibiscus": [
          "Red",
          "Yellow",
          "Double Petal",
        ],
        "Jasmine": [
          "Malli",
          "Mullai",
          "Jathi Malli",
        ],
        "Marigold": [
          "African",
          "French",
          "Local Orange",
        ],
      },
    },
    "fruit_tree": {
      "descriptions": {
        "Amla": "Hardy deciduous tree producing tart, vitamin-C-rich berries revered in Ayurveda",
        "Arecanut": "Tall, slender tropical palm cultivated for its betel nut",
        "Avocado": "Evergreen tropical tree producing nutrient-dense, high-fat fruits",
        "Banana": "Fast-growing tropical fruit producing large bunches rich in potassium",
        "Breadfruit": "Large tropical tree producing starchy fruits used as a carbohydrate staple",
        "Cashew": "Salt- and drought-tolerant coastal tree yielding cashew nut and cashew apple; a major Kanyakumari crop",
        "Chikoo": "Evergreen tropical tree producing sweet, malty-flavoured fruits",
        "Cocoa": "Shade-tolerant understorey tree producing pods of prized chocolate beans; intercropped with banana and coconut",
        "Custard Apple": "Deciduous tropical tree bearing soft, creamy-sweet segmented fruits",
        "Fig": "Deciduous tree producing soft, sweet, fibre-rich fruits",
        "Guava": "Hardy tropical tree producing vitamin-C-rich fruits year-round",
        "Indian Jujube": "Thorny drought-hardy tree fruiting through the cool season; eaten fresh, dried, or salted",
        "Jackfruit": "Massive tropical tree producing the world's largest tree-borne fruit",
        "Jamun": "Monsoon-fruiting tree bearing astringent purple berries; leaves and bark also used medicinally",
        "Lemon": "Evergreen citrus tree producing tangy fruits year-round",
        "Mango": "King of fruits — long-lived tropical tree bearing sweet, aromatic drupes",
        "Mangosteen": "Ultra-tropical tree bearing prized purple fruits with sweet-tangy segments",
        "Nutmeg": "Aromatic tropical tree yielding two spices — nutmeg seed and mace aril; 7–8 years to first harvest",
        "Orange": "Evergreen citrus tree producing sweet, juicy fruits",
        "Palmyra": "Tamil Nadu’s state tree, tapped for padaneer and karupatti and cut young for nungu; very long-lived",
        "Papaya": "Fast-growing single-trunk tree bearing melon-like fruits rich in papain",
        "Passion Fruit": "Vigorous tropical vine producing aromatic, tangy-sweet fruits",
        "Pineapple": "Low-growing monocarpic bromeliad producing sweet, acidic tropical fruits",
        "Pomegranate": "Drought-tolerant shrubby tree producing antioxidant-rich fruits",
        "Rambutan": "Tropical evergreen tree producing hairy-skinned fruits with translucent sweet flesh",
        "Red Banana": "Striking red-skinned banana variety with creamy, slightly raspberry-flavoured flesh",
        "Soursop": "Tropical evergreen tree producing large spiny fruits with creamy, tangy pulp",
        "Star Fruit": "Small tropical evergreen tree producing distinctive star-shaped waxy fruits",
        "Sweet Lime": "Mild low-acid citrus grown for juice; needs free-draining soil and steady, even watering",
        "Tamarind": "Long-lived shade tree of every Tamil village; pods give the souring pulp for sambar and rasam",
        "Water Apple": "Tropical evergreen tree producing crisp, mildly sweet bell-shaped fruits",
        "Wood Apple": "Slow-growing hardy tree with woody-shelled fruit made into sherbet and chutney",
      },
      "plants": [
        "Banana",
        "Mango",
        "Guava",
        "Papaya",
        "Lemon",
        "Pomegranate",
        "Jackfruit",
        "Chikoo",
        "Water Apple",
        "Custard Apple",
        "Amla",
        "Orange",
        "Fig",
        "Avocado",
        "Soursop",
        "Mangosteen",
        "Rambutan",
        "Red Banana",
        "Breadfruit",
        "Pineapple",
        "Passion Fruit",
        "Star Fruit",
        "Arecanut",
        "Cocoa",
        "Nutmeg",
        "Tamarind",
        "Jamun",
        "Cashew",
        "Wood Apple",
        "Indian Jujube",
        "Palmyra",
        "Sweet Lime",
      ],
      "tamilNames": {
        "Amla": "நெல்லிக்காய்",
        "Arecanut": "பாக்கு",
        "Avocado": "வெண்ணெய்ப்பழம்",
        "Banana": "வாழை",
        "Breadfruit": "பிரெட்ஃப்ரூட்",
        "Cashew": "முந்திரி",
        "Chikoo": "சப்போட்டா",
        "Cocoa": "கொக்கோ",
        "Custard Apple": "சீதாப்பழம்",
        "Fig": "அத்திப்பழம்",
        "Guava": "கொய்யா",
        "Indian Jujube": "இலந்தை",
        "Jackfruit": "பலாப்பழம்",
        "Jamun": "நாவல்",
        "Lemon": "எலுமிச்சை",
        "Mango": "மாம்பழம்",
        "Mangosteen": "மாங்குஸ்தான்",
        "Nutmeg": "ஜாதிக்காய்",
        "Orange": "ஆரஞ்சு",
        "Palmyra": "பனை",
        "Papaya": "பப்பாளி",
        "Passion Fruit": "பேஷன் ஃப்ரூட்",
        "Pineapple": "அன்னாசி",
        "Pomegranate": "மாதுளை",
        "Rambutan": "ரம்புட்டான்",
        "Red Banana": "செவ்வாழை",
        "Soursop": "முள்ளு சீதா",
        "Star Fruit": "கமரகம்",
        "Sweet Lime": "சாத்துக்குடி",
        "Tamarind": "புளி",
        "Water Apple": "ஜாம்பு",
        "Wood Apple": "விளாம்பழம்",
      },
      "varieties": {
        "Amla": [
          "NA 7",
          "Krishna",
          "Kanchan",
        ],
        "Arecanut": [
          "Mangala",
          "Sumangala",
          "Local Tall",
        ],
        "Banana": [
          "Nendran",
          "Poovan",
          "Rasthali",
          "Robusta",
          "Monthan",
        ],
        "Breadfruit": [
          "Seeni Chakka",
          "Yellow Skin",
          "Local",
        ],
        "Cashew": [
          "VRI 3",
          "Vengurla 4",
          "Local",
        ],
        "Cocoa": [
          "Forastero",
          "Criollo",
          "Local Hybrid",
        ],
        "Custard Apple": [
          "Balanagar",
          "Arka Sahan",
          "Local",
        ],
        "Guava": [
          "Allahabad Safeda",
          "Pink Guava",
          "Local",
        ],
        "Indian Jujube": [
          "Gola",
          "Umran",
          "Local",
        ],
        "Jackfruit": [
          "Palur 1",
          "Palur 2",
          "Local",
        ],
        "Jamun": [
          "Local",
          "Grafted",
        ],
        "Lemon": [
          "Grafted Lemon",
          "Country Lemon",
        ],
        "Mango": [
          "Alphonso",
          "Banganapalli",
          "Neelum",
          "Imam Pasand",
        ],
        "Nutmeg": [
          "Konkan Sugandha",
          "Local",
          "Kerala Local",
        ],
        "Palmyra": [
          "Local",
        ],
        "Papaya": [
          "Red Lady",
          "CO 8",
          "Local",
        ],
        "Passion Fruit": [
          "Purple Passion",
          "Yellow Passion",
          "Local",
        ],
        "Pineapple": [
          "Kew",
          "Queen",
          "Mauritius",
        ],
        "Pomegranate": [
          "Bhagwa",
          "Ganesh",
          "Arakta",
        ],
        "Red Banana": [
          "Sevvaazhai",
          "Karpura Chakkarakeli",
          "Local Red",
        ],
        "Star Fruit": [
          "Sweet",
          "Sour",
          "Local",
        ],
        "Sweet Lime": [
          "Mosambi",
          "Local",
        ],
        "Tamarind": [
          "PKM 1",
          "Urigam",
          "Local",
        ],
        "Wood Apple": [
          "Local",
        ],
      },
    },
    "herb": {
      "descriptions": {
        "Adamant Creeper": "Square-stemmed succulent climber; tender tips made into thuvaiyal and pickle. Raw sap irritates skin",
        "Adathodai": "Hardy medicinal shrub of the Tamil homestead; leaves brewed for coughs and also cut as green-leaf manure",
        "Ajwain": "Aromatic annual herb yielding carom seeds used in South Indian tempering and digestive remedies",
        "Aloe Vera": "Succulent perennial with gel-filled leaves used in medicine, skincare, and soil conditioning",
        "Ashwagandha": "Drought-tolerant medicinal shrub producing adaptogenic roots; thrives in sandy well-drained soils",
        "Basil": "Aromatic culinary herb used in Italian and Thai cooking",
        "Betel Leaf": "Tropical climbing vine prized for its glossy heart-shaped leaves",
        "Black Pepper": "Climbing spice vine trained on coconut trunks producing the king of spices",
        "Brahmi": "Low-growing medicinal creeper thriving in moist, shaded spots; revered in Ayurveda for cognitive health",
        "Cardamom": "Shade-tolerant tropical rhizome producing the queen of spices; intercropped under forest canopy",
        "Castor": "Tall fast-growing shrub with repellent properties; pest-deterrent companion around vegetable beds",
        "Cinnamon": "Coppiced spice tree harvested for its inner bark; cut back hard and re-shooted rather than grown tall",
        "Clove": "Evergreen hill spice tree harvested for unopened flower buds; wants shade, shelter, and humidity",
        "Coriander": "Fast-growing cool-season herb prized for its aromatic leaves and seeds",
        "Curry Leaf": "Essential South Indian culinary tree producing intensely aromatic leaves",
        "Dill": "Feathery herb with a mild anise flavour, popular in pickles and rice dishes",
        "Fennel": "Tall aromatic herb with feathery leaves and anise-flavoured seeds; allelopathic — plant away from most crops",
        "Ginger": "Pungent rhizome staple in South Indian cooking and Ayurvedic medicine",
        "Karpooravalli": "Thick-leaved aromatic plant kept by the kitchen door; leaves used fresh for coughs and colds",
        "Lemongrass": "Tall aromatic grass used in teas and South-East Asian cuisine",
        "Mango Ginger": "Raw-mango-scented rhizome of the turmeric family, used fresh in pachadi and pickle",
        "Maruthani": "The classic Tamil boundary hedge; leaves ground for henna, and it takes hard clipping",
        "Mint": "Vigorous spreading herb that thrives in moist, partially shaded spots",
        "Nithyakalyani": "Tough evergreen flowering year-round on poor soil; self-seeds freely and needs almost no care",
        "Nochi": "Aromatic shrub whose leaves are layered into stored grain and steeped as a leaf-extract pest spray",
        "Thoothuvalai": "Scrambling prickly climber of the kitchen doorway, cooked as a cough and cold remedy",
        "Tulsi": "Sacred herb of Indian households valued for medicinal and spiritual significance",
        "Turmeric": "Tropical rhizomatous herb yielding the golden spice of Indian cooking",
      },
      "plants": [
        "Coriander",
        "Mint",
        "Curry Leaf",
        "Lemongrass",
        "Tulsi",
        "Basil",
        "Dill",
        "Turmeric",
        "Ginger",
        "Betel Leaf",
        "Ajwain",
        "Cardamom",
        "Black Pepper",
        "Fennel",
        "Brahmi",
        "Ashwagandha",
        "Aloe Vera",
        "Adathodai",
        "Nithyakalyani",
        "Thoothuvalai",
        "Karpooravalli",
        "Maruthani",
        "Nochi",
        "Castor",
        "Adamant Creeper",
        "Clove",
        "Cinnamon",
        "Mango Ginger",
      ],
      "tamilNames": {
        "Adamant Creeper": "பிரண்டை",
        "Adathodai": "ஆடாதொடை",
        "Ajwain": "ஓமம்",
        "Aloe Vera": "கற்றாழை",
        "Ashwagandha": "அஷ்வகந்தா",
        "Basil": "திருநீற்றுப்பச்சிலை",
        "Betel Leaf": "வெற்றிலை",
        "Black Pepper": "கருமிளகு",
        "Brahmi": "பிரம்மி",
        "Cardamom": "ஏலக்காய்",
        "Castor": "ஆமணக்கு",
        "Cinnamon": "கருவாப்பட்டை",
        "Clove": "கிராம்பு",
        "Coriander": "கொத்தமல்லி",
        "Curry Leaf": "கறிவேப்பிலை",
        "Dill": "சதகுப்பை",
        "Fennel": "சோம்பு",
        "Ginger": "இஞ்சி",
        "Karpooravalli": "கற்பூரவல்லி",
        "Lemongrass": "எலுமிச்சைப்புல்",
        "Mango Ginger": "மாஇஞ்சி",
        "Maruthani": "மருதாணி",
        "Mint": "புதினா",
        "Nithyakalyani": "நித்தியகல்யாணி",
        "Nochi": "நொச்சி",
        "Thoothuvalai": "தூதுவளை",
        "Tulsi": "துளசி",
        "Turmeric": "மஞ்சள்",
      },
      "varieties": {
        "Aloe Vera": [
          "Barbadensis",
          "Local Green",
          "Soap Aloe",
        ],
        "Betel Leaf": [
          "Vetrilai",
          "Kapur",
          "Local",
        ],
        "Black Pepper": [
          "Panniyur 1",
          "Karimunda",
          "Local",
        ],
        "Brahmi": [
          "Water Hyssop",
          "Local",
        ],
        "Cardamom": [
          "Small Cardamom",
          "Mysore",
          "Malabar",
        ],
        "Cinnamon": [
          "Sri Lankan",
          "Konkan Tej",
          "Local",
        ],
        "Clove": [
          "Zanzibar",
          "Local",
        ],
        "Coriander": [
          "CO 4",
          "CO 5",
          "Local",
        ],
        "Curry Leaf": [
          "Dwarf",
          "Regular",
          "Local",
        ],
        "Ginger": [
          "Maran",
          "Rio-de-Janeiro",
          "Nadia",
          "Local",
        ],
        "Karpooravalli": [
          "Broad Leaf",
          "Variegated",
          "Local",
        ],
        "Lemongrass": [
          "East Indian",
          "West Indian",
          "Local",
        ],
        "Mango Ginger": [
          "Local",
        ],
        "Maruthani": [
          "Broad Leaf",
          "Country",
          "Local",
        ],
        "Mint": [
          "Peppermint",
          "Spearmint",
          "Country Mint",
        ],
        "Nithyakalyani": [
          "White",
          "Pink",
          "Local",
        ],
        "Tulsi": [
          "Krishna Tulsi",
          "Rama Tulsi",
        ],
        "Turmeric": [
          "Erode Local",
          "Salem",
          "Finger Turmeric",
          "CO 1",
        ],
      },
    },
    "shrub": {
      "descriptions": {
        "Bougainvillea": "Vigorous thorny shrub-vine smothered in papery bracts",
      },
      "plants": [
        "Bougainvillea",
      ],
      "tamilNames": {
        "Bougainvillea": "பூகன்வில்லியா",
      },
      "varieties": {},
    },
    "spinach": {
      "descriptions": {
        "Agathi": "Tall nitrogen-fixing legume picked over for agathi keerai and its edible flowers; also a chop-and-drop dynamic accumulator",
        "Amaranthus": "Quick-growing leafy green rich in iron, popular as keerai in Tamil cuisine",
        "False Daisy": "Creeping marshy green cooked as keerai and long used in Siddha hair and liver preparations",
        "Fenugreek": "Aromatic annual legume grown for its iron-rich leaves and distinctive seeds; vendhaya keerai",
        "Madras Pea Pumpkin": "Rough-leaved trailing vine of Tamil hedgerows, cooked as keerai for coughs and colds",
        "Manathakkali Keerai": "Traditional short-lived Tamil green; cook leaves and use correctly identified planting material",
        "Mustard Greens": "Peppery cool-season leaves best grown during the mild, less humid months",
        "Palak": "True spinach grown as a short cool-season leafy crop during Kanyakumari’s mildest months",
        "Pasalai Keerai": "Malabar spinach — vigorous climbing leafy green thriving in Tamil Nadu heat",
        "Ponnanganni Keerai": "Low-growing traditional Tamil leafy vegetable suited to moist soil and repeated harvest",
        "Purslane": "Succulent edible weed rich in omega-3 fatty acids; drought-tolerant ground cover",
        "Roselle": "Sour-leaved hibiscus green for kuzhambu and thokku; known elsewhere as gongura",
        "Vallarai Keerai": "Moisture-loving creeping Tamil green suited to partial shade and humid home gardens",
        "Water Spinach": "Fast-growing tropical leafy vegetable for consistently moist beds; prevent escape into waterways",
      },
      "plants": [
        "Palak",
        "Water Spinach",
        "Ponnanganni Keerai",
        "Manathakkali Keerai",
        "Mustard Greens",
        "Vallarai Keerai",
        "Purslane",
        "Amaranthus",
        "Pasalai Keerai",
        "Fenugreek",
        "Agathi",
        "Roselle",
        "False Daisy",
        "Madras Pea Pumpkin",
      ],
      "tamilNames": {
        "Agathi": "அகத்தி",
        "Amaranthus": "அரைக்கீரை",
        "False Daisy": "கரிசலாங்கண்ணி",
        "Fenugreek": "வெந்தயம்",
        "Madras Pea Pumpkin": "முசுமுசுக்கை",
        "Manathakkali Keerai": "மணத்தக்காளிக் கீரை",
        "Mustard Greens": "கடுகுக் கீரை",
        "Palak": "பாலக் கீரை",
        "Pasalai Keerai": "பசளைக்கீரை",
        "Ponnanganni Keerai": "பொன்னாங்கண்ணிக் கீரை",
        "Purslane": "பொட்டுக்கீரை",
        "Roselle": "புளிச்சக்கீரை",
        "Vallarai Keerai": "வல்லாரைக் கீரை",
        "Water Spinach": "நீர்க் கீரை",
      },
      "varieties": {
        "Amaranthus": [
          "Arai Keerai",
          "Siru Keerai",
          "Mulai Keerai",
          "Thandu Keerai",
        ],
        "False Daisy": [
          "Yellow Flowered",
          "White Flowered",
          "Local",
        ],
        "Fenugreek": [
          "Kasuri",
          "Pusa Early",
          "Local",
        ],
        "Manathakkali Keerai": [
          "Local Green",
        ],
        "Mustard Greens": [
          "Broad Leaf",
          "Local",
        ],
        "Palak": [
          "All Green",
          "Pusa Palak",
          "Jobner Green",
          "Local",
        ],
        "Pasalai Keerai": [
          "Green Stem",
          "Red Stem",
          "Local",
        ],
        "Ponnanganni Keerai": [
          "Green",
          "Red",
          "Local",
        ],
        "Roselle": [
          "Green Stem",
          "Red Stem",
          "Local",
        ],
        "Vallarai Keerai": [
          "Local",
        ],
        "Water Spinach": [
          "Broad Leaf",
          "Narrow Leaf",
          "Local",
        ],
      },
    },
    "timber_tree": {
      "descriptions": {
        "Bamboo": "Giant clumping grass producing strong culms for construction and crafts",
        "Mahogany": "High-value tropical timber with a straight trunk and broad canopy",
        "Neem": "Fast-growing evergreen valued for pest-repellent properties and durable timber",
        "Rosewood": "Prized hardwood with dark fragrant heartwood, a nitrogen-fixing legume",
        "Sandalwood": "Aromatic heartwood tree and hemi-parasite that needs a host plant nearby",
        "Teak": "Premier hardwood timber tree with large deciduous leaves",
        "Wild Jack": "Large evergreen tree native to the Western Ghats yielding durable timber",
      },
      "plants": [
        "Neem",
        "Teak",
        "Mahogany",
        "Rosewood",
        "Sandalwood",
        "Bamboo",
        "Wild Jack",
      ],
      "tamilNames": {
        "Bamboo": "மூங்கில்",
        "Mahogany": "மகாகனி",
        "Neem": "வேம்பு",
        "Rosewood": "ரோஸ்வுட்",
        "Sandalwood": "சந்தனம்",
        "Teak": "தேக்கு",
        "Wild Jack": "ஐயன்பலா",
      },
      "varieties": {},
    },
    "vegetable": {
      "descriptions": {
        "Ash Gourd": "Wax-coated trailing cucurbit used in petha, kootu, and traditional medicine",
        "Beans": "Versatile climbing legume producing tender pods for stir-fries and curries",
        "Beetroot": "Jewel-red root vegetable with earthy sweetness, rich in folate and iron",
        "Bitter Gourd": "Warty-skinned climbing cucurbit prized for its medicinal bitter flavour",
        "Black Gram": "Essential South Indian pulse crop yielding protein-rich seeds for idli and dosa",
        "Bottle Gourd": "Vigorous trailing vine producing mild watery gourds for kootu and sweets",
        "Brinjal": "Versatile tropical nightshade yielding glossy purple fruit for curries and grills",
        "Cabbage": "Cool-season brassica forming dense leafy heads",
        "Capsicum": "Warm-season fruiting plant producing sweet or mildly hot fruits",
        "Carrot": "Popular root vegetable rich in beta-carotene",
        "Cauliflower": "Cool-season brassica producing compact white curds",
        "Chilli": "Pungent hot pepper central to South Indian spice blends and daily cooking",
        "Chinese Potato": "Aromatic Kanyakumari tuber traditionally intercropped under coconut; lifted in January",
        "Cluster Beans": "Heat-tolerant legume yielding slender pods and nitrogen-fixing roots",
        "Cowpea": "Heat-tolerant nitrogen-fixing legume yielding protein-rich pods and beans",
        "Cucumber": "Fast-growing warm-season vine producing crisp, refreshing fruits",
        "Drumstick": "Fast-growing tropical tree providing nutrient-dense pods, leaves, and flowers",
        "Elephant Yam": "Large tropical tuber crop valued in South Indian cuisine",
        "French Beans": "Bushy or climbing legume producing tender flat pods for stir-fries and curries",
        "Garlic": "Pungent bulb with potent medicinal and culinary value",
        "Green Peas": "Short cool-season climbing legume suited to the mildest local months",
        "Groundnut": "Nitrogen-fixing oilseed legume producing underground pods rich in protein and fat",
        "Ivy Gourd": "Perennial pandal vine grown from cuttings; crops for years with almost no replanting",
        "Knol Khol": "Cool-season brassica grown for its tender swollen stem",
        "Lablab Bean": "Heat-tolerant perennial bean widely grown as avarai in Tamil Nadu",
        "Ladies Finger": "Heat-loving mucilaginous pod vegetable essential in South Indian cooking",
        "Long Brinjal": "Elongated purple eggplant variety favoured in South Indian sambar and stir-fries",
        "Lotus Stem": "Aquatic perennial with crunchy, tunnel-riddled rhizomes used in South Indian cooking",
        "Maize": "Tall cereal grass forming the structural canopy in Three Sisters polyculture",
        "Muskmelon": "Warm-season melon performing best with full sun, drainage, and low leaf wetness",
        "Onion": "Essential kitchen staple grown as a bulb crop",
        "Pigeon Pea": "Perennial legume producing protein-rich toor dal; a staple of Tamil cuisine",
        "Potato": "Versatile tuberous crop grown worldwide",
        "Pumpkin": "Sprawling cucurbit yielding large sweet-fleshed fruit for kootu and aviyal",
        "Radish": "One of the fastest-maturing root vegetables, excellent beginner crop",
        "Ridge Gourd": "Ridged climbing vine bearing tender gourds widely used in kootu and poriyal",
        "Sesame": "Short-duration oilseed for gingelly oil and ellu urundai; tolerates poor, dry soil",
        "Shallot": "Small, pungent bulb onion widely used in South Indian cooking",
        "Snake Gourd": "Long striped cucurbit vine producing mild-flavoured gourds for sambar",
        "Sweet Potato": "Nutritious tropical vine producing sweet tuberous roots",
        "Sword Bean": "Vigorous tropical bean suited to fences and trellises; young pods are cooked",
        "Tapioca": "Starchy root crop grown widely in Kanyakumari for kappa and traditional dishes",
        "Taro": "Tropical tuber crop with edible corms and leaves",
        "Tomato": "Prolific warm-season fruit used fresh, in sambar, rasam, and chutneys",
        "Turkey Berry": "Hardy perennial bearing clustered green berries for sundakkai vathal and kuzhambu",
        "Watermelon": "Warm-season trailing cucurbit requiring drainage and a relatively dry fruiting period",
        "Winged Bean": "Humid-tropical climbing legume with edible pods, leaves, flowers, and tubers",
        "Yam": "Starchy tropical vine tuber with thick bark; distinct from elephant yam in texture",
        "Yardlong Beans": "Vigorous climbing legume producing metre-long tender pods; fixes nitrogen",
      },
      "plants": [
        "Brinjal",
        "Long Brinjal",
        "Tomato",
        "Chilli",
        "Tapioca",
        "Drumstick",
        "Cowpea",
        "Beans",
        "Bitter Gourd",
        "Snake Gourd",
        "Ridge Gourd",
        "Bottle Gourd",
        "Pumpkin",
        "Ash Gourd",
        "Cucumber",
        "Radish",
        "Onion",
        "Shallot",
        "Garlic",
        "Cabbage",
        "Cauliflower",
        "Carrot",
        "Potato",
        "Capsicum",
        "Taro",
        "Elephant Yam",
        "Sweet Potato",
        "Ladies Finger",
        "Yardlong Beans",
        "Beetroot",
        "French Beans",
        "Cluster Beans",
        "Black Gram",
        "Groundnut",
        "Pigeon Pea",
        "Yam",
        "Maize",
        "Lotus Stem",
        "Knol Khol",
        "Green Peas",
        "Lablab Bean",
        "Winged Bean",
        "Sword Bean",
        "Watermelon",
        "Muskmelon",
        "Ivy Gourd",
        "Turkey Berry",
        "Chinese Potato",
        "Sesame",
      ],
      "tamilNames": {
        "Ash Gourd": "வெள்ளைப்பூசணி",
        "Beans": "பீன்ஸ்",
        "Beetroot": "பீட்ரூட்",
        "Bitter Gourd": "பாகற்காய்",
        "Black Gram": "உளுந்து",
        "Bottle Gourd": "சுரைக்காய்",
        "Brinjal": "கத்தரிக்காய்",
        "Cabbage": "முட்டைக்கோஸ்",
        "Capsicum": "குடைமிளகாய்",
        "Carrot": "கேரட்",
        "Cauliflower": "காலிஃபிளவர்",
        "Chilli": "மிளகாய்",
        "Chinese Potato": "கூர்க்கன் கிழங்கு",
        "Cluster Beans": "கொத்தவரை",
        "Cowpea": "காராமணி",
        "Cucumber": "வெள்ளரிக்காய்",
        "Drumstick": "முருங்கை",
        "Elephant Yam": "கருணைக்கிழங்கு",
        "French Beans": "பிரெஞ்சு பீன்ஸ்",
        "Garlic": "பூண்டு",
        "Green Peas": "பச்சைப் பட்டாணி",
        "Groundnut": "வேர்க்கடலை",
        "Ivy Gourd": "கோவைக்காய்",
        "Knol Khol": "நூல்கோல்",
        "Lablab Bean": "அவரைக்காய்",
        "Ladies Finger": "வெண்டைக்காய்",
        "Long Brinjal": "நீள கத்தரிக்காய்",
        "Lotus Stem": "தாமரைத்தண்டு",
        "Maize": "மக்காச்சோளம்",
        "Muskmelon": "முலாம்பழம்",
        "Onion": "வெங்காயம்",
        "Pigeon Pea": "தொவரம்பருப்பு",
        "Potato": "உருளைக்கிழங்கு",
        "Pumpkin": "பரங்கிக்காய்",
        "Radish": "முள்ளங்கி",
        "Ridge Gourd": "பீர்க்கங்காய்",
        "Sesame": "எள்ளு",
        "Shallot": "சின்ன வெங்காயம்",
        "Snake Gourd": "புடலங்காய்",
        "Sweet Potato": "சர்க்கரைவள்ளிக்கிழங்கு",
        "Sword Bean": "வாள் அவரை",
        "Tapioca": "மரவள்ளிக்கிழங்கு",
        "Taro": "சேப்பங்கிழங்கு",
        "Tomato": "தக்காளி",
        "Turkey Berry": "சுண்டைக்காய்",
        "Watermelon": "தர்பூசணி",
        "Winged Bean": "சிறகவரை",
        "Yam": "கிழங்கு",
        "Yardlong Beans": "தட்டப்பயறு",
      },
      "varieties": {
        "Ash Gourd": [
          "White Ash",
          "Long Ash",
          "CO 1",
        ],
        "Beans": [
          "Bush Beans",
          "Pole Beans",
          "Double Beans",
        ],
        "Beetroot": [
          "Detroit Dark Red",
          "Crimson Globe",
          "Local Red",
        ],
        "Bitter Gourd": [
          "Mithipagal",
          "Long Green",
          "CO 1",
        ],
        "Black Gram": [
          "Vamban 6",
          "CO 6",
          "Local",
        ],
        "Bottle Gourd": [
          "Long Bottle",
          "Round Bottle",
          "CO 1",
        ],
        "Brinjal": [
          "Long Purple",
          "Round Green",
          "Striped",
        ],
        "Cabbage": [
          "Golden Acre",
          "CO 1",
          "Green Ball",
        ],
        "Cauliflower": [
          "Pusa Snowball",
          "CO 1",
          "Early White",
        ],
        "Chilli": [
          "Bird's Eye",
          "Gundu",
          "Long Chilli",
        ],
        "Chinese Potato": [
          "Sree Dhara",
          "Nidhi",
          "Local",
        ],
        "Cluster Beans": [
          "Pusa Navbahar",
          "Goma 1",
          "Local",
        ],
        "Cowpea": [
          "Bush",
          "Pole",
          "Red Cowpea",
        ],
        "Cucumber": [
          "Country Cucumber",
          "Hybrid Green",
          "Slicing",
        ],
        "Drumstick": [
          "PKM 1",
          "PKM 2",
          "Local",
        ],
        "Elephant Yam": [
          "Karunai Kizhangu",
          "White Yam",
          "Local",
        ],
        "French Beans": [
          "Contender",
          "Bush Blue Lake",
          "Local Dwarf",
        ],
        "Green Peas": [
          "Arkel",
          "Bonneville",
          "Local",
        ],
        "Groundnut": [
          "TMV 2",
          "CO 3",
          "Local Bunch",
        ],
        "Ivy Gourd": [
          "Sulabha",
          "CO 1",
          "Local Green",
        ],
        "Knol Khol": [
          "White Vienna",
          "Purple Vienna",
          "Local",
        ],
        "Lablab Bean": [
          "CO 1",
          "CO 2",
          "Local",
        ],
        "Ladies Finger": [
          "CO 4",
          "CO 5",
          "Arka Anamika",
        ],
        "Long Brinjal": [
          "Long Green",
          "Violet Long",
          "Local",
        ],
        "Maize": [
          "Hybrid Sweet",
          "Country Corn",
          "CO 1",
        ],
        "Muskmelon": [
          "Pusa Sharbati",
          "Hara Madhu",
          "Local",
        ],
        "Onion": [
          "Bellary",
          "Nasik Red",
          "CO Onion",
        ],
        "Pigeon Pea": [
          "CO 6",
          "Vamban 1",
          "Local",
        ],
        "Pumpkin": [
          "Parangikkai",
          "CO 2",
          "Red Pumpkin",
        ],
        "Radish": [
          "Pusa Chetki",
          "White Long",
          "Pink",
        ],
        "Ridge Gourd": [
          "Long Ridge",
          "Dark Green",
          "CO 1",
        ],
        "Sesame": [
          "TMV 7",
          "CO 1",
          "VRI 1",
        ],
        "Shallot": [
          "Sambar Onion",
          "Small Red",
          "CO Shallot",
        ],
        "Snake Gourd": [
          "Long White",
          "Striped",
          "CO 2",
        ],
        "Sweet Potato": [
          "Orange Flesh",
          "White Flesh",
          "Local",
        ],
        "Sword Bean": [
          "Bush",
          "Climbing",
          "Local",
        ],
        "Tapioca": [
          "Mulluvadi",
          "CO 2",
          "H-165",
        ],
        "Taro": [
          "Seppan Kizhangu",
          "White Taro",
          "Purple Stem",
          "Green Stem",
          "Local",
        ],
        "Tomato": [
          "Country Tomato",
          "Hybrid Tomato",
          "Cherry Tomato",
        ],
        "Turkey Berry": [
          "Local",
        ],
        "Watermelon": [
          "Sugar Baby",
          "Arka Manik",
          "Local",
        ],
        "Winged Bean": [
          "AKWB 1",
          "Local Green",
        ],
        "Yardlong Beans": [
          "Long Green",
          "Long Purple",
          "Local",
        ],
      },
    },
  },
}
`;

exports[`the bundled plant catalog lists every category in a stable order 1`] = `
{
  "coconut_tree": [
    "Dwarf Coconut",
    "Tall Coconut",
    "Hybrid Coconut",
    "King Coconut",
  ],
  "flower": [
    "Marigold",
    "Jasmine",
    "Hibiscus",
    "Rose",
    "Chrysanthemum",
    "Crossandra",
    "Ixora",
    "Sunflower",
    "Nandiyavattai",
    "Aavaram",
    "Arali",
  ],
  "fruit_tree": [
    "Banana",
    "Mango",
    "Guava",
    "Papaya",
    "Lemon",
    "Pomegranate",
    "Jackfruit",
    "Chikoo",
    "Water Apple",
    "Custard Apple",
    "Amla",
    "Orange",
    "Fig",
    "Avocado",
    "Soursop",
    "Mangosteen",
    "Rambutan",
    "Red Banana",
    "Breadfruit",
    "Pineapple",
    "Passion Fruit",
    "Star Fruit",
    "Arecanut",
    "Cocoa",
    "Nutmeg",
    "Tamarind",
    "Jamun",
    "Cashew",
    "Wood Apple",
    "Indian Jujube",
    "Palmyra",
    "Sweet Lime",
  ],
  "herb": [
    "Coriander",
    "Mint",
    "Curry Leaf",
    "Lemongrass",
    "Tulsi",
    "Basil",
    "Dill",
    "Turmeric",
    "Ginger",
    "Betel Leaf",
    "Ajwain",
    "Cardamom",
    "Black Pepper",
    "Fennel",
    "Brahmi",
    "Ashwagandha",
    "Aloe Vera",
    "Adathodai",
    "Nithyakalyani",
    "Thoothuvalai",
    "Karpooravalli",
    "Maruthani",
    "Nochi",
    "Castor",
    "Adamant Creeper",
    "Clove",
    "Cinnamon",
    "Mango Ginger",
  ],
  "shrub": [
    "Bougainvillea",
  ],
  "spinach": [
    "Palak",
    "Water Spinach",
    "Ponnanganni Keerai",
    "Manathakkali Keerai",
    "Mustard Greens",
    "Vallarai Keerai",
    "Purslane",
    "Amaranthus",
    "Pasalai Keerai",
    "Fenugreek",
    "Agathi",
    "Roselle",
    "False Daisy",
    "Madras Pea Pumpkin",
  ],
  "timber_tree": [
    "Neem",
    "Teak",
    "Mahogany",
    "Rosewood",
    "Sandalwood",
    "Bamboo",
    "Wild Jack",
  ],
  "vegetable": [
    "Brinjal",
    "Long Brinjal",
    "Tomato",
    "Chilli",
    "Tapioca",
    "Drumstick",
    "Cowpea",
    "Beans",
    "Bitter Gourd",
    "Snake Gourd",
    "Ridge Gourd",
    "Bottle Gourd",
    "Pumpkin",
    "Ash Gourd",
    "Cucumber",
    "Radish",
    "Onion",
    "Shallot",
    "Garlic",
    "Cabbage",
    "Cauliflower",
    "Carrot",
    "Potato",
    "Capsicum",
    "Taro",
    "Elephant Yam",
    "Sweet Potato",
    "Ladies Finger",
    "Yardlong Beans",
    "Beetroot",
    "French Beans",
    "Cluster Beans",
    "Black Gram",
    "Groundnut",
    "Pigeon Pea",
    "Yam",
    "Maize",
    "Lotus Stem",
    "Knol Khol",
    "Green Peas",
    "Lablab Bean",
    "Winged Bean",
    "Sword Bean",
    "Watermelon",
    "Muskmelon",
    "Ivy Gourd",
    "Turkey Berry",
    "Chinese Potato",
    "Sesame",
  ],
}
`;
